src/modules/Cameras/IPWebcamPlayer.tsx(10,27): error TS2339: Property 'updateStatus' does not exist on type 'CameraState'.
src/modules/Cameras/IPWebcamPlayer.tsx(13,33): error TS2339: Property 'ip_url' does not exist on type 'CameraNode'.
src/modules/Cameras/IPWebcamPlayer.tsx(19,35): error TS2339: Property 'ip_url' does not exist on type 'CameraNode'.
src/modules/Cameras/IPWebcamPlayer.tsx(48,117): error TS2339: Property 'zone' does not exist on type 'CameraNode'.
src/modules/Cameras/IPWebcamPlayer.tsx(66,56): error TS2339: Property 'ip_url' does not exist on type 'CameraNode'.
src/modules/Cameras/LiveCameras.tsx(8,22): error TS2339: Property 'gridLayout' does not exist on type 'CameraState'.
src/modules/Cameras/LiveCameras.tsx(8,34): error TS2339: Property 'setGridLayout' does not exist on type 'CameraState'.
src/modules/Cameras/LiveCameras.tsx(78,57): error TS7053: Element implicitly has an 'any' type because expression of type 'any' can't be used to index type '{ 1: string; 2: string; 3: string; }'.
src/modules/Dashboard/AnomalyTrendChart.tsx(1,8): error TS6133: 'React' is declared but its value is never read.
src/modules/Dashboard/AnomalyTrendChart.tsx(4,5): error TS6133: 'LineChart' is declared but its value is never read.
src/modules/Dashboard/AnomalyTrendChart.tsx(4,16): error TS6133: 'Line' is declared but its value is never read.
src/modules/Dashboard/DashboardOverview.tsx(8,15): error TS6133: 'Camera' is declared but its value is never read.
src/modules/Dashboard/DashboardOverview.tsx(8,31): error TS6133: 'Database' is declared but its value is never read.
src/modules/Dashboard/DashboardOverview.tsx(8,41): error TS6133: 'Download' is declared but its value is never read.
src/modules/Dashboard/DashboardOverview.tsx(9,5): error TS6133: 'Cpu' is declared but its value is never read.
src/modules/Dashboard/DashboardOverview.tsx(9,10): error TS6133: 'HardDrive' is declared but its value is never read.
src/modules/Dashboard/DashboardOverview.tsx(16,1): error TS6133: 'useCameraStore' is declared but its value is never read.
src/modules/Dashboard/DashboardOverview.tsx(17,1): error TS6133: 'useEdgeStore' is declared but its value is never read.
